------------------------------------------------------------
TimeQuest Timing Analyzer Summary
------------------------------------------------------------

Type  : Slow 1200mV 85C Model Setup 'pll|altpll_component|auto_generated|pll1|clk[2]'
Slack : -9.571
TNS   : -1231.794

Type  : Slow 1200mV 85C Model Setup 'AC_MOTOR_TRIANGLE:inst2|LOCK'
Slack : -7.055
TNS   : -159.036

Type  : Slow 1200mV 85C Model Setup 'pll|altpll_component|auto_generated|pll1|clk[1]'
Slack : 1.549
TNS   : 0.000

Type  : Slow 1200mV 85C Model Setup 'pll|altpll_component|auto_generated|pll1|clk[0]'
Slack : 7.171
TNS   : 0.000

Type  : Slow 1200mV 85C Model Hold 'pll|altpll_component|auto_generated|pll1|clk[0]'
Slack : 0.361
TNS   : 0.000

Type  : Slow 1200mV 85C Model Hold 'pll|altpll_component|auto_generated|pll1|clk[1]'
Slack : 0.361
TNS   : 0.000

Type  : Slow 1200mV 85C Model Hold 'pll|altpll_component|auto_generated|pll1|clk[2]'
Slack : 0.362
TNS   : 0.000

Type  : Slow 1200mV 85C Model Hold 'AC_MOTOR_TRIANGLE:inst2|LOCK'
Slack : 2.986
TNS   : 0.000

Type  : Slow 1200mV 85C Model Minimum Pulse Width 'AC_MOTOR_TRIANGLE:inst2|LOCK'
Slack : -1.487
TNS   : -41.636

Type  : Slow 1200mV 85C Model Minimum Pulse Width 'pll|altpll_component|auto_generated|pll1|clk[1]'
Slack : 4.729
TNS   : 0.000

Type  : Slow 1200mV 85C Model Minimum Pulse Width 'pll|altpll_component|auto_generated|pll1|clk[2]'
Slack : 5.687
TNS   : 0.000

Type  : Slow 1200mV 85C Model Minimum Pulse Width 'pll|altpll_component|auto_generated|pll1|clk[0]'
Slack : 9.725
TNS   : 0.000

Type  : Slow 1200mV 85C Model Minimum Pulse Width 'SYS_CLK_12MHz'
Slack : 41.561
TNS   : 0.000

Type  : Slow 1200mV 0C Model Setup 'pll|altpll_component|auto_generated|pll1|clk[2]'
Slack : -8.811
TNS   : -1120.040

Type  : Slow 1200mV 0C Model Setup 'AC_MOTOR_TRIANGLE:inst2|LOCK'
Slack : -6.793
TNS   : -155.558

Type  : Slow 1200mV 0C Model Setup 'pll|altpll_component|auto_generated|pll1|clk[1]'
Slack : 1.935
TNS   : 0.000

Type  : Slow 1200mV 0C Model Setup 'pll|altpll_component|auto_generated|pll1|clk[0]'
Slack : 7.310
TNS   : 0.000

Type  : Slow 1200mV 0C Model Hold 'pll|altpll_component|auto_generated|pll1|clk[0]'
Slack : 0.324
TNS   : 0.000

Type  : Slow 1200mV 0C Model Hold 'pll|altpll_component|auto_generated|pll1|clk[1]'
Slack : 0.324
TNS   : 0.000

Type  : Slow 1200mV 0C Model Hold 'pll|altpll_component|auto_generated|pll1|clk[2]'
Slack : 0.324
TNS   : 0.000

Type  : Slow 1200mV 0C Model Hold 'AC_MOTOR_TRIANGLE:inst2|LOCK'
Slack : 2.815
TNS   : 0.000

Type  : Slow 1200mV 0C Model Minimum Pulse Width 'AC_MOTOR_TRIANGLE:inst2|LOCK'
Slack : -1.487
TNS   : -41.636

Type  : Slow 1200mV 0C Model Minimum Pulse Width 'pll|altpll_component|auto_generated|pll1|clk[1]'
Slack : 4.720
TNS   : 0.000

Type  : Slow 1200mV 0C Model Minimum Pulse Width 'pll|altpll_component|auto_generated|pll1|clk[2]'
Slack : 5.706
TNS   : 0.000

Type  : Slow 1200mV 0C Model Minimum Pulse Width 'pll|altpll_component|auto_generated|pll1|clk[0]'
Slack : 9.722
TNS   : 0.000

Type  : Slow 1200mV 0C Model Minimum Pulse Width 'SYS_CLK_12MHz'
Slack : 41.427
TNS   : 0.000

Type  : Fast 1200mV 0C Model Setup 'pll|altpll_component|auto_generated|pll1|clk[2]'
Slack : -4.314
TNS   : -547.978

Type  : Fast 1200mV 0C Model Setup 'AC_MOTOR_TRIANGLE:inst2|LOCK'
Slack : -2.884
TNS   : -67.264

Type  : Fast 1200mV 0C Model Setup 'pll|altpll_component|auto_generated|pll1|clk[1]'
Slack : 6.675
TNS   : 0.000

Type  : Fast 1200mV 0C Model Setup 'pll|altpll_component|auto_generated|pll1|clk[0]'
Slack : 8.729
TNS   : 0.000

Type  : Fast 1200mV 0C Model Hold 'pll|altpll_component|auto_generated|pll1|clk[0]'
Slack : 0.152
TNS   : 0.000

Type  : Fast 1200mV 0C Model Hold 'pll|altpll_component|auto_generated|pll1|clk[1]'
Slack : 0.152
TNS   : 0.000

Type  : Fast 1200mV 0C Model Hold 'pll|altpll_component|auto_generated|pll1|clk[2]'
Slack : 0.152
TNS   : 0.000

Type  : Fast 1200mV 0C Model Hold 'AC_MOTOR_TRIANGLE:inst2|LOCK'
Slack : 0.955
TNS   : 0.000

Type  : Fast 1200mV 0C Model Minimum Pulse Width 'AC_MOTOR_TRIANGLE:inst2|LOCK'
Slack : -1.000
TNS   : -28.000

Type  : Fast 1200mV 0C Model Minimum Pulse Width 'pll|altpll_component|auto_generated|pll1|clk[1]'
Slack : 4.765
TNS   : 0.000

Type  : Fast 1200mV 0C Model Minimum Pulse Width 'pll|altpll_component|auto_generated|pll1|clk[2]'
Slack : 5.819
TNS   : 0.000

Type  : Fast 1200mV 0C Model Minimum Pulse Width 'pll|altpll_component|auto_generated|pll1|clk[0]'
Slack : 9.766
TNS   : 0.000

Type  : Fast 1200mV 0C Model Minimum Pulse Width 'SYS_CLK_12MHz'
Slack : 41.198
TNS   : 0.000

------------------------------------------------------------
